// Jest Snapshot v1, https://goo.gl/fbAQLP

exports[`<MovieOverview /> is rendered correctly 1`] = `
Array [
  <div
    className="movie-rating"
  >
    <div
      className="movie-rating__score"
    >
      9.5
    </div>
    <p
      className="movie-rating__meta"
    >
      <span
        className="movie-rating__level"
      >
        Very Good
      </span>
      <span
        className="movie-rating__count"
      >
        15
      </span>
    </p>
  </div>,
  <div
    className="movie-card__text"
  >
    Having received a small factory from his father,
    Howard Hughes turned it into a gigantic, fantastically profitable enterprise.
    Having become the owner of a huge film company, he shot the most expensive
    film of his time and won the hearts of the most beautiful Hollywood actresses.
    <p
      className="movie-card__director"
    >
      <strong>
        Director: 
        Martin Scorsese
      </strong>
    </p>
    <p
      className="movie-card__starring"
    >
      <strong>
        Starring: 
        Leonardo DiCaprio, Cate Blanchett, Kate Beckinsale, John C. Reilly, Alec Baldwin, Alan Alda, Ian Holm, Danny Huston, Gwen Stefani, Jude Law
      </strong>
    </p>
  </div>,
]
`;
