// Jest Snapshot v1, https://goo.gl/fbAQLP

exports[`<MovieList /> is rendered correctly 1`] = `
<div
  className="catalog__movies-list"
>
  <article
    className="small-movie-card catalog__movies-card"
    onMouseEnter={[Function]}
  >
    <div
      className="small-movie-card__image"
    >
      <img
        alt="Aviator"
        height="175"
        src="img/aviator.jpg"
        width="280"
      />
    </div>
    <h3
      className="small-movie-card__title"
    >
      <a
        className="small-movie-card__link"
        href="aviator.html"
      >
        Aviator
      </a>
    </h3>
  </article>
  <article
    className="small-movie-card catalog__movies-card"
    onMouseEnter={[Function]}
  >
    <div
      className="small-movie-card__image"
    >
      <img
        alt="Aviator"
        height="175"
        src="img/aviator.jpg"
        width="280"
      />
    </div>
    <h3
      className="small-movie-card__title"
    >
      <a
        className="small-movie-card__link"
        href="aviator.html"
      >
        Aviator
      </a>
    </h3>
  </article>
</div>
`;
