// Jest Snapshot v1, https://goo.gl/fbAQLP

exports[`<UserBlock/> is rendered correctly with authorization 1`] = `
<div
  className="user-block"
>
  <div
    className="user-block__avatar"
  >
    <img
      alt="User avatar"
      height="63"
      onClick={[Function]}
      src="https://htmlacademy-react-3.appspot.com"
      width="63"
    />
  </div>
</div>
`;

exports[`<UserBlock/> is rendered correctly without authorization 1`] = `
<div
  className="user-block"
>
  <a
    className="user-block__link"
    href="/login"
    onClick={[Function]}
  >
    Sign in
  </a>
</div>
`;
