// Jest Snapshot v1, https://goo.gl/fbAQLP

exports[`<MovieCard /> is rendered correctly 1`] = `
<article
  className="small-movie-card catalog__movies-card"
>
  <div
    className="small-movie-card__image"
  >
    <img
      alt="Aviator"
      height="175"
      src="img/aviator.jpg"
      width="280"
    />
  </div>
  <h3
    className="small-movie-card__title"
  >
    <a
      className="small-movie-card__link"
      href="aviator.html"
    >
      Aviator
    </a>
  </h3>
</article>
`;
